# Este es la lista de agentes para MQ FTE
# Si este archivo no existe los camando de creación no se ejecutan.
# El formato debe ser XXX:YYY:ZZZ, donde:
# WWW = Nombre del Agente
# XXX = Descripción (El nombre no debe contener espacios en blanco)
# YYY = Puerto
# ZZZ = Nombre del Agente
#
# WWW:XXX:YYY:ZZZ
#
#TEST2:AGENTE_DE_PRUEBA2:1498:TEST2
#CRC02AGN:PRUEBA:1417:CRC02AGN.AG
#BES01AGN:BANCO_ESPIRITU_SANTO1:1419:BES01AGN.AG
#BES02AGN:BANCO_ESPIRITU_SANTO2:1420:BES02AGN.AG
#BDV01AGN:BANCO_VENEZUELA:1430:BDV01AGN.AG
#CRC04AGN:PUENTE_AL_OPEN_9000:1421:CRC04AGN.AG
#CRC05AGN:PUENTE_AL_OPEN_9000:1422:CRC05AGN.AG
#BACT01AGN:BANCO_ACTIVO_PRUEBA:1425:BACT01AGN.AG
#BOD01AGN:BANCO_OCCIDENTAL_DESCUENTO1:1426:BOD01AGN.AG
#BCRB01AGN:BANCO_CARIBE:1427:BCRB01AGN.AG
#BAV01AGN:BANCO_AGRICOLA:1428:BAV01AGN.AG
#BBIC01AGN:BANCO_BICENTENARIO:1453:BBIC01AGN.AG
#BPS01AGN:BANCO_PUEBLO_SOBERANO_PRUEBA:1431:BPS01AGN.AG
#BEXT01AGN:BANCO_EXTERIOR_PRUEBA:1432:BEXT01AGN.AG
#BPLS01AGN:BANPLUS:1433:BPLS01AGN.AG
#BFC01AGN:BANCO_FONDO_COMUN:1434:BFC01AGN.AG
#BCRN01AGN:BANCO_CARONI:1435:BCRN01AGN.AG
#BCRP01AGN:BANCO_CORPBANCA_PRUEBA:1436:BCRP01AGN.AG
#BDSR01AGN:BANCO_DEL_SUR_PRUEBA:1437:BDSR01AGN.AG
#BIMC01AGN:INSTUTITO_MUNICIPAL_CREDITO_PRUEBA:1438:BIMC01AGN.AG
#BMBC01AGN:BANCO_MI_BANCO:1439:BMBC01AGN.AG
#BPLZ01AGN:BANCO_PLAZA:1440:BPLZ01AGN.AG
#BTES01AGN:BANCO_DEL_TESORO:1442:BTES01AGN.AG
#CRC10AGN:EDIT_PACKAGE:1423:CRC10AGN.AG
#CRC11AGN:OPEN_9000:1424:CRC11AGN.AG
#VLVN01AGN:VALEVEN:1446:VLVN01AGN.AG
#BIV01AGN:BANCO_INDUSTRIAL_VENEZUELA:1448:BIV01AGN.AG
FXWAGN01:FLEXIWEB:1447:FXWAGN01.AG
#B100AGN01:100X100TO_BANCO:1441:B100AGN01.AG
#BAMG01AGN:BANCAMIGA:1450:BAMG01AGN.AG
#CRC12AGN:SERVIDOR_ENCRIPTADO:1452:CRC12AGN.AG
#BCRC01AGN:BANCRECER:1449:BCRC01AGN.AG
#BNC01AGN:BANCO_NACIONAL_DE_CREDITO:1454:BNC01AGN.AG
#BOD02AGN:BANCO_OCCIDENTAL_DESCUENTO2:1455:BOD02AGN.AG
#CRC13AGN:DOCPATH:1456:CRC13AGN.AG
#BFAN01AGN:BANCO_FAN:1458:BFAN01AGN.AG
#BEXT01AGN:BANCO_EXTERIOR:1432:BEXT01AGN.AG
#CRC14AGN:REV7_MASTERCARD:1454:CRC14AGN.AG
# CTK01AGN:CESTA_TICKET:1445:CTK01AGN.AG
# CRC15AGN:CAMSAGEN:1447:CRC15AGN.AG
#BCRP01AGN:BANCRECER:1449:BCRP01AGN.AG
#CPGAGN01:CestaPago:1456:CPGAGN01.AG
